[0.542s] Invoking command in '/home/ethan/aquatonomous-sim/sim_ws/src/boat_sim': PYTHONPATH=/home/ethan/aquatonomous-sim/sim_ws/build/boat_sim/prefix_override:/usr/lib/python3/dist-packages/colcon_core/task/python/colcon_distutils_commands:/home/ethan/aquatonomous-sim/sim_ws/install/boat_sim/lib/python3.10/site-packages:${PYTHONPATH} /usr/bin/python3 -W ignore:setup.py install is deprecated -W ignore:easy_install command is deprecated setup.py egg_info --egg-base ../../build/boat_sim build --build-base /home/ethan/aquatonomous-sim/sim_ws/build/boat_sim/build install --record /home/ethan/aquatonomous-sim/sim_ws/build/boat_sim/install.log --single-version-externally-managed install_data
[0.771s] running egg_info
[0.785s] writing ../../build/boat_sim/boat_sim.egg-info/PKG-INFO
[0.786s] writing dependency_links to ../../build/boat_sim/boat_sim.egg-info/dependency_links.txt
[0.786s] writing entry points to ../../build/boat_sim/boat_sim.egg-info/entry_points.txt
[0.787s] writing requirements to ../../build/boat_sim/boat_sim.egg-info/requires.txt
[0.787s] writing top-level names to ../../build/boat_sim/boat_sim.egg-info/top_level.txt
[0.817s] reading manifest file '../../build/boat_sim/boat_sim.egg-info/SOURCES.txt'
[0.818s] writing manifest file '../../build/boat_sim/boat_sim.egg-info/SOURCES.txt'
[0.819s] running build
[0.819s] running build_py
[0.819s] copying boat_sim/boat_mixer_node.py -> /home/ethan/aquatonomous-sim/sim_ws/build/boat_sim/build/lib/boat_sim
[0.819s] copying boat_sim/__init__.py -> /home/ethan/aquatonomous-sim/sim_ws/build/boat_sim/build/lib/boat_sim
[0.820s] running install
[0.825s] running install_lib
[0.842s] running install_data
[0.843s] copying resource/boat_sim -> /home/ethan/aquatonomous-sim/sim_ws/install/boat_sim/share/ament_index/resource_index/packages
[0.843s] copying package.xml -> /home/ethan/aquatonomous-sim/sim_ws/install/boat_sim/share/boat_sim
[0.843s] copying launch/bringup.launch.py -> /home/ethan/aquatonomous-sim/sim_ws/install/boat_sim/share/boat_sim/launch
[0.844s] copying worlds/flat_water.sdf -> /home/ethan/aquatonomous-sim/sim_ws/install/boat_sim/share/boat_sim/worlds
[0.844s] copying models/nd_boat/model.config -> /home/ethan/aquatonomous-sim/sim_ws/install/boat_sim/share/boat_sim/models/nd_boat
[0.845s] copying models/nd_boat/model.sdf -> /home/ethan/aquatonomous-sim/sim_ws/install/boat_sim/share/boat_sim/models/nd_boat
[0.845s] copying config/bridge.yaml -> /home/ethan/aquatonomous-sim/sim_ws/install/boat_sim/share/boat_sim/config
[0.845s] running install_egg_info
[0.861s] removing '/home/ethan/aquatonomous-sim/sim_ws/install/boat_sim/lib/python3.10/site-packages/boat_sim-0.0.1-py3.10.egg-info' (and everything under it)
[0.861s] Copying ../../build/boat_sim/boat_sim.egg-info to /home/ethan/aquatonomous-sim/sim_ws/install/boat_sim/lib/python3.10/site-packages/boat_sim-0.0.1-py3.10.egg-info
[0.862s] running install_scripts
[0.898s] Installing boat_mixer_node script to /home/ethan/aquatonomous-sim/sim_ws/install/boat_sim/lib/boat_sim
[0.900s] writing list of installed files to '/home/ethan/aquatonomous-sim/sim_ws/build/boat_sim/install.log'
[0.947s] Invoked command in '/home/ethan/aquatonomous-sim/sim_ws/src/boat_sim' returned '0': PYTHONPATH=/home/ethan/aquatonomous-sim/sim_ws/build/boat_sim/prefix_override:/usr/lib/python3/dist-packages/colcon_core/task/python/colcon_distutils_commands:/home/ethan/aquatonomous-sim/sim_ws/install/boat_sim/lib/python3.10/site-packages:${PYTHONPATH} /usr/bin/python3 -W ignore:setup.py install is deprecated -W ignore:easy_install command is deprecated setup.py egg_info --egg-base ../../build/boat_sim build --build-base /home/ethan/aquatonomous-sim/sim_ws/build/boat_sim/build install --record /home/ethan/aquatonomous-sim/sim_ws/build/boat_sim/install.log --single-version-externally-managed install_data
