[0.831s] DEBUG:colcon:Command line arguments: ['/usr/bin/colcon', 'build']
[0.831s] DEBUG:colcon:Parsed command line arguments: Namespace(log_base=None, log_level=None, verb_name='build', build_base='build', install_base='install', merge_install=False, symlink_install=False, test_result_base=None, continue_on_error=False, executor='parallel', parallel_workers=12, event_handlers=None, ignore_user_meta=False, metas=['./colcon.meta'], base_paths=['.'], packages_ignore=None, packages_ignore_regex=None, paths=None, packages_up_to=None, packages_up_to_regex=None, packages_above=None, packages_above_and_dependencies=None, packages_above_depth=None, packages_select_by_dep=None, packages_skip_by_dep=None, packages_skip_up_to=None, packages_select_build_failed=False, packages_skip_build_finished=False, packages_select_test_failures=False, packages_skip_test_passed=False, packages_select=None, packages_skip=None, packages_select_regex=None, packages_skip_regex=None, packages_start=None, packages_end=None, allow_overriding=[], cmake_args=None, cmake_target=None, cmake_target_skip_unavailable=False, cmake_clean_cache=False, cmake_clean_first=False, cmake_force_configure=False, ament_cmake_args=None, catkin_cmake_args=None, catkin_skip_building_tests=False, verb_parser=<colcon_defaults.argument_parser.defaults.DefaultArgumentsDecorator object at 0x73ae4fadc370>, verb_extension=<colcon_core.verb.build.BuildVerb object at 0x73ae4fbc5e70>, main=<bound method BuildVerb.main of <colcon_core.verb.build.BuildVerb object at 0x73ae4fbc5e70>>)
[1.009s] Level 1:colcon.colcon_core.package_discovery:discover_packages(colcon_meta) check parameters
[1.010s] Level 1:colcon.colcon_core.package_discovery:discover_packages(recursive) check parameters
[1.010s] Level 1:colcon.colcon_core.package_discovery:discover_packages(ignore) check parameters
[1.010s] Level 1:colcon.colcon_core.package_discovery:discover_packages(path) check parameters
[1.010s] Level 1:colcon.colcon_core.package_discovery:discover_packages(colcon_meta) discover
[1.010s] Level 1:colcon.colcon_core.package_discovery:discover_packages(recursive) discover
[1.010s] INFO:colcon.colcon_core.package_discovery:Crawling recursively for packages in '/home/ethan/aquatonomous-sim/sim_ws'
[1.011s] Level 1:colcon.colcon_core.package_identification:_identify(.) by extensions ['ignore', 'ignore_ament_install']
[1.011s] Level 1:colcon.colcon_core.package_identification:_identify(.) by extension 'ignore'
[1.012s] Level 1:colcon.colcon_core.package_identification:_identify(.) by extension 'ignore_ament_install'
[1.012s] Level 1:colcon.colcon_core.package_identification:_identify(.) by extensions ['colcon_pkg']
[1.012s] Level 1:colcon.colcon_core.package_identification:_identify(.) by extension 'colcon_pkg'
[1.012s] Level 1:colcon.colcon_core.package_identification:_identify(.) by extensions ['colcon_meta']
[1.012s] Level 1:colcon.colcon_core.package_identification:_identify(.) by extension 'colcon_meta'
[1.012s] Level 1:colcon.colcon_core.package_identification:_identify(.) by extensions ['ros']
[1.012s] Level 1:colcon.colcon_core.package_identification:_identify(.) by extension 'ros'
[1.075s] Level 1:colcon.colcon_core.package_identification:_identify(.) by extensions ['cmake', 'python']
[1.075s] Level 1:colcon.colcon_core.package_identification:_identify(.) by extension 'cmake'
[1.075s] Level 1:colcon.colcon_core.package_identification:_identify(.) by extension 'python'
[1.075s] Level 1:colcon.colcon_core.package_identification:_identify(.) by extensions ['python_setup_py']
[1.075s] Level 1:colcon.colcon_core.package_identification:_identify(.) by extension 'python_setup_py'
[1.076s] Level 1:colcon.colcon_core.package_identification:_identify(build) by extensions ['ignore', 'ignore_ament_install']
[1.076s] Level 1:colcon.colcon_core.package_identification:_identify(build) by extension 'ignore'
[1.076s] Level 1:colcon.colcon_core.package_identification:_identify(build) ignored
[1.076s] Level 1:colcon.colcon_core.package_identification:_identify(install) by extensions ['ignore', 'ignore_ament_install']
[1.076s] Level 1:colcon.colcon_core.package_identification:_identify(install) by extension 'ignore'
[1.076s] Level 1:colcon.colcon_core.package_identification:_identify(install) ignored
[1.077s] Level 1:colcon.colcon_core.package_identification:_identify(log) by extensions ['ignore', 'ignore_ament_install']
[1.077s] Level 1:colcon.colcon_core.package_identification:_identify(log) by extension 'ignore'
[1.077s] Level 1:colcon.colcon_core.package_identification:_identify(log) ignored
[1.078s] Level 1:colcon.colcon_core.package_identification:_identify(src) by extensions ['ignore', 'ignore_ament_install']
[1.078s] Level 1:colcon.colcon_core.package_identification:_identify(src) by extension 'ignore'
[1.078s] Level 1:colcon.colcon_core.package_identification:_identify(src) by extension 'ignore_ament_install'
[1.078s] Level 1:colcon.colcon_core.package_identification:_identify(src) by extensions ['colcon_pkg']
[1.078s] Level 1:colcon.colcon_core.package_identification:_identify(src) by extension 'colcon_pkg'
[1.078s] Level 1:colcon.colcon_core.package_identification:_identify(src) by extensions ['colcon_meta']
[1.078s] Level 1:colcon.colcon_core.package_identification:_identify(src) by extension 'colcon_meta'
[1.078s] Level 1:colcon.colcon_core.package_identification:_identify(src) by extensions ['ros']
[1.078s] Level 1:colcon.colcon_core.package_identification:_identify(src) by extension 'ros'
[1.078s] Level 1:colcon.colcon_core.package_identification:_identify(src) by extensions ['cmake', 'python']
[1.079s] Level 1:colcon.colcon_core.package_identification:_identify(src) by extension 'cmake'
[1.079s] Level 1:colcon.colcon_core.package_identification:_identify(src) by extension 'python'
[1.079s] Level 1:colcon.colcon_core.package_identification:_identify(src) by extensions ['python_setup_py']
[1.079s] Level 1:colcon.colcon_core.package_identification:_identify(src) by extension 'python_setup_py'
[1.080s] Level 1:colcon.colcon_core.package_identification:_identify(src/boat_sim) by extensions ['ignore', 'ignore_ament_install']
[1.080s] Level 1:colcon.colcon_core.package_identification:_identify(src/boat_sim) by extension 'ignore'
[1.081s] Level 1:colcon.colcon_core.package_identification:_identify(src/boat_sim) by extension 'ignore_ament_install'
[1.081s] Level 1:colcon.colcon_core.package_identification:_identify(src/boat_sim) by extensions ['colcon_pkg']
[1.081s] Level 1:colcon.colcon_core.package_identification:_identify(src/boat_sim) by extension 'colcon_pkg'
[1.081s] Level 1:colcon.colcon_core.package_identification:_identify(src/boat_sim) by extensions ['colcon_meta']
[1.081s] Level 1:colcon.colcon_core.package_identification:_identify(src/boat_sim) by extension 'colcon_meta'
[1.081s] Level 1:colcon.colcon_core.package_identification:_identify(src/boat_sim) by extensions ['ros']
[1.081s] Level 1:colcon.colcon_core.package_identification:_identify(src/boat_sim) by extension 'ros'
[1.091s] DEBUG:colcon.colcon_core.package_identification:Package 'src/boat_sim' with type 'ros.ament_python' and name 'boat_sim'
[1.091s] Level 1:colcon.colcon_core.package_discovery:discover_packages(recursive) using defaults
[1.091s] Level 1:colcon.colcon_core.package_discovery:discover_packages(ignore) discover
[1.091s] Level 1:colcon.colcon_core.package_discovery:discover_packages(ignore) using defaults
[1.092s] Level 1:colcon.colcon_core.package_discovery:discover_packages(path) discover
[1.092s] Level 1:colcon.colcon_core.package_discovery:discover_packages(path) using defaults
[1.188s] Level 1:colcon.colcon_core.package_discovery:discover_packages(prefix_path) check parameters
[1.189s] Level 1:colcon.colcon_core.package_discovery:discover_packages(prefix_path) discover
[1.193s] DEBUG:colcon.colcon_installed_package_information.package_discovery:Found 1 installed packages in /home/ethan/aquatonomous-sim/sim_ws/install
[1.196s] DEBUG:colcon.colcon_installed_package_information.package_discovery:Found 295 installed packages in /opt/ros/humble
[1.200s] Level 1:colcon.colcon_core.package_discovery:discover_packages(prefix_path) using defaults
[1.295s] Level 5:colcon.colcon_core.verb:set package 'boat_sim' build argument 'cmake_args' from command line to 'None'
[1.296s] Level 5:colcon.colcon_core.verb:set package 'boat_sim' build argument 'cmake_target' from command line to 'None'
[1.296s] Level 5:colcon.colcon_core.verb:set package 'boat_sim' build argument 'cmake_target_skip_unavailable' from command line to 'False'
[1.296s] Level 5:colcon.colcon_core.verb:set package 'boat_sim' build argument 'cmake_clean_cache' from command line to 'False'
[1.296s] Level 5:colcon.colcon_core.verb:set package 'boat_sim' build argument 'cmake_clean_first' from command line to 'False'
[1.296s] Level 5:colcon.colcon_core.verb:set package 'boat_sim' build argument 'cmake_force_configure' from command line to 'False'
[1.296s] Level 5:colcon.colcon_core.verb:set package 'boat_sim' build argument 'ament_cmake_args' from command line to 'None'
[1.296s] Level 5:colcon.colcon_core.verb:set package 'boat_sim' build argument 'catkin_cmake_args' from command line to 'None'
[1.296s] Level 5:colcon.colcon_core.verb:set package 'boat_sim' build argument 'catkin_skip_building_tests' from command line to 'False'
[1.297s] DEBUG:colcon.colcon_core.verb:Building package 'boat_sim' with the following arguments: {'ament_cmake_args': None, 'build_base': '/home/ethan/aquatonomous-sim/sim_ws/build/boat_sim', 'catkin_cmake_args': None, 'catkin_skip_building_tests': False, 'cmake_args': None, 'cmake_clean_cache': False, 'cmake_clean_first': False, 'cmake_force_configure': False, 'cmake_target': None, 'cmake_target_skip_unavailable': False, 'install_base': '/home/ethan/aquatonomous-sim/sim_ws/install/boat_sim', 'merge_install': False, 'path': '/home/ethan/aquatonomous-sim/sim_ws/src/boat_sim', 'symlink_install': False, 'test_result_base': None}
[1.297s] INFO:colcon.colcon_core.executor:Executing jobs using 'parallel' executor
[1.302s] DEBUG:colcon.colcon_parallel_executor.executor.parallel:run_until_complete
[1.304s] INFO:colcon.colcon_ros.task.ament_python.build:Building ROS package in '/home/ethan/aquatonomous-sim/sim_ws/src/boat_sim' with build type 'ament_python'
[1.304s] Level 1:colcon.colcon_core.shell:create_environment_hook('boat_sim', 'ament_prefix_path')
[1.316s] INFO:colcon.colcon_core.plugin_system:Skipping extension 'colcon_core.shell.bat': Not used on non-Windows systems
[1.316s] INFO:colcon.colcon_core.shell:Creating environment hook '/home/ethan/aquatonomous-sim/sim_ws/install/boat_sim/share/boat_sim/hook/ament_prefix_path.ps1'
[1.319s] INFO:colcon.colcon_core.shell:Creating environment descriptor '/home/ethan/aquatonomous-sim/sim_ws/install/boat_sim/share/boat_sim/hook/ament_prefix_path.dsv'
[1.321s] INFO:colcon.colcon_core.shell:Creating environment hook '/home/ethan/aquatonomous-sim/sim_ws/install/boat_sim/share/boat_sim/hook/ament_prefix_path.sh'
[1.323s] INFO:colcon.colcon_core.shell:Skip shell extension 'powershell' for command environment: Not usable outside of PowerShell
[1.323s] DEBUG:colcon.colcon_core.shell:Skip shell extension 'dsv' for command environment
[1.858s] INFO:colcon.colcon_core.task.python.build:Building Python package in '/home/ethan/aquatonomous-sim/sim_ws/src/boat_sim'
[1.858s] INFO:colcon.colcon_core.shell:Skip shell extension 'powershell' for command environment: Not usable outside of PowerShell
[1.858s] DEBUG:colcon.colcon_core.shell:Skip shell extension 'dsv' for command environment
[2.927s] DEBUG:colcon.colcon_core.event_handler.log_command:Invoking command in '/home/ethan/aquatonomous-sim/sim_ws/src/boat_sim': PYTHONPATH=/home/ethan/aquatonomous-sim/sim_ws/build/boat_sim/prefix_override:/usr/lib/python3/dist-packages/colcon_core/task/python/colcon_distutils_commands:/home/ethan/aquatonomous-sim/sim_ws/install/boat_sim/lib/python3.10/site-packages:${PYTHONPATH} /usr/bin/python3 -W ignore:setup.py install is deprecated -W ignore:easy_install command is deprecated setup.py egg_info --egg-base ../../build/boat_sim build --build-base /home/ethan/aquatonomous-sim/sim_ws/build/boat_sim/build install --record /home/ethan/aquatonomous-sim/sim_ws/build/boat_sim/install.log --single-version-externally-managed install_data
[4.072s] DEBUG:colcon.colcon_core.event_handler.log_command:Invoked command in '/home/ethan/aquatonomous-sim/sim_ws/src/boat_sim' returned '0': PYTHONPATH=/home/ethan/aquatonomous-sim/sim_ws/build/boat_sim/prefix_override:/usr/lib/python3/dist-packages/colcon_core/task/python/colcon_distutils_commands:/home/ethan/aquatonomous-sim/sim_ws/install/boat_sim/lib/python3.10/site-packages:${PYTHONPATH} /usr/bin/python3 -W ignore:setup.py install is deprecated -W ignore:easy_install command is deprecated setup.py egg_info --egg-base ../../build/boat_sim build --build-base /home/ethan/aquatonomous-sim/sim_ws/build/boat_sim/build install --record /home/ethan/aquatonomous-sim/sim_ws/build/boat_sim/install.log --single-version-externally-managed install_data
[4.085s] Level 1:colcon.colcon_core.environment:checking '/home/ethan/aquatonomous-sim/sim_ws/install/boat_sim' for CMake module files
[4.087s] Level 1:colcon.colcon_core.environment:checking '/home/ethan/aquatonomous-sim/sim_ws/install/boat_sim' for CMake config files
[4.094s] Level 1:colcon.colcon_core.environment:checking '/home/ethan/aquatonomous-sim/sim_ws/install/boat_sim/lib'
[4.095s] Level 1:colcon.colcon_core.environment:checking '/home/ethan/aquatonomous-sim/sim_ws/install/boat_sim/bin'
[4.095s] Level 1:colcon.colcon_core.environment:checking '/home/ethan/aquatonomous-sim/sim_ws/install/boat_sim/lib/pkgconfig/boat_sim.pc'
[4.096s] Level 1:colcon.colcon_core.environment:checking '/home/ethan/aquatonomous-sim/sim_ws/install/boat_sim/lib/python3.10/site-packages'
[4.096s] Level 1:colcon.colcon_core.shell:create_environment_hook('boat_sim', 'pythonpath')
[4.097s] INFO:colcon.colcon_core.shell:Creating environment hook '/home/ethan/aquatonomous-sim/sim_ws/install/boat_sim/share/boat_sim/hook/pythonpath.ps1'
[4.099s] INFO:colcon.colcon_core.shell:Creating environment descriptor '/home/ethan/aquatonomous-sim/sim_ws/install/boat_sim/share/boat_sim/hook/pythonpath.dsv'
[4.100s] INFO:colcon.colcon_core.shell:Creating environment hook '/home/ethan/aquatonomous-sim/sim_ws/install/boat_sim/share/boat_sim/hook/pythonpath.sh'
[4.106s] Level 1:colcon.colcon_core.environment:checking '/home/ethan/aquatonomous-sim/sim_ws/install/boat_sim/bin'
[4.106s] Level 1:colcon.colcon_core.environment:create_environment_scripts_only(boat_sim)
[4.114s] INFO:colcon.colcon_core.shell:Creating package script '/home/ethan/aquatonomous-sim/sim_ws/install/boat_sim/share/boat_sim/package.ps1'
[4.117s] INFO:colcon.colcon_core.shell:Creating package descriptor '/home/ethan/aquatonomous-sim/sim_ws/install/boat_sim/share/boat_sim/package.dsv'
[4.120s] INFO:colcon.colcon_core.shell:Creating package script '/home/ethan/aquatonomous-sim/sim_ws/install/boat_sim/share/boat_sim/package.sh'
[4.140s] INFO:colcon.colcon_core.shell:Creating package script '/home/ethan/aquatonomous-sim/sim_ws/install/boat_sim/share/boat_sim/package.bash'
[4.146s] INFO:colcon.colcon_core.shell:Creating package script '/home/ethan/aquatonomous-sim/sim_ws/install/boat_sim/share/boat_sim/package.zsh'
[4.158s] Level 1:colcon.colcon_core.environment:create_file_with_runtime_dependencies(/home/ethan/aquatonomous-sim/sim_ws/install/boat_sim/share/colcon-core/packages/boat_sim)
[4.162s] DEBUG:colcon.colcon_parallel_executor.executor.parallel:closing loop
[4.162s] DEBUG:colcon.colcon_parallel_executor.executor.parallel:loop closed
[4.162s] DEBUG:colcon.colcon_parallel_executor.executor.parallel:run_until_complete finished with '0'
[4.163s] DEBUG:colcon.colcon_core.event_reactor:joining thread
[4.515s] INFO:colcon.colcon_core.plugin_system:Skipping extension 'colcon_notification.desktop_notification.notify_send': Could not find 'notify-send'
[4.516s] INFO:colcon.colcon_core.plugin_system:Skipping extension 'colcon_notification.desktop_notification.terminal_notifier': Not used on non-Darwin systems
[4.518s] INFO:colcon.colcon_core.plugin_system:Skipping extension 'colcon_notification.desktop_notification.win32': Not used on non-Windows systems
[4.519s] INFO:colcon.colcon_notification.desktop_notification:Sending desktop notification using 'notify2'
[4.521s] DEBUG:colcon.colcon_notification.desktop_notification.notify2:Failed to initialize notify2: org.freedesktop.DBus.Error.FileNotFound: Failed to connect to socket /run/user/1000/bus: No such file or directory
[4.521s] DEBUG:colcon.colcon_core.event_reactor:joined thread
[4.522s] INFO:colcon.colcon_core.shell:Creating prefix script '/home/ethan/aquatonomous-sim/sim_ws/install/local_setup.ps1'
[4.526s] INFO:colcon.colcon_core.shell:Creating prefix util module '/home/ethan/aquatonomous-sim/sim_ws/install/_local_setup_util_ps1.py'
[4.531s] INFO:colcon.colcon_core.shell:Creating prefix chain script '/home/ethan/aquatonomous-sim/sim_ws/install/setup.ps1'
[4.535s] INFO:colcon.colcon_core.shell:Creating prefix script '/home/ethan/aquatonomous-sim/sim_ws/install/local_setup.sh'
[4.539s] INFO:colcon.colcon_core.shell:Creating prefix util module '/home/ethan/aquatonomous-sim/sim_ws/install/_local_setup_util_sh.py'
[4.544s] INFO:colcon.colcon_core.shell:Creating prefix chain script '/home/ethan/aquatonomous-sim/sim_ws/install/setup.sh'
[4.549s] INFO:colcon.colcon_core.shell:Creating prefix script '/home/ethan/aquatonomous-sim/sim_ws/install/local_setup.bash'
[4.552s] INFO:colcon.colcon_core.shell:Creating prefix chain script '/home/ethan/aquatonomous-sim/sim_ws/install/setup.bash'
[4.559s] INFO:colcon.colcon_core.shell:Creating prefix script '/home/ethan/aquatonomous-sim/sim_ws/install/local_setup.zsh'
[4.564s] INFO:colcon.colcon_core.shell:Creating prefix chain script '/home/ethan/aquatonomous-sim/sim_ws/install/setup.zsh'
