/home/ethan/aquatonomous-sim/sim_ws/install/boat_sim/lib/python3.10/site-packages/boat_sim/boat_mixer_node.py
/home/ethan/aquatonomous-sim/sim_ws/install/boat_sim/lib/python3.10/site-packages/boat_sim/__init__.py
/home/ethan/aquatonomous-sim/sim_ws/install/boat_sim/lib/python3.10/site-packages/boat_sim/__pycache__/boat_mixer_node.cpython-310.pyc
/home/ethan/aquatonomous-sim/sim_ws/install/boat_sim/lib/python3.10/site-packages/boat_sim/__pycache__/__init__.cpython-310.pyc
/home/ethan/aquatonomous-sim/sim_ws/install/boat_sim/share/ament_index/resource_index/packages/boat_sim
/home/ethan/aquatonomous-sim/sim_ws/install/boat_sim/share/boat_sim/package.xml
/home/ethan/aquatonomous-sim/sim_ws/install/boat_sim/share/boat_sim/launch/bringup.launch.py
/home/ethan/aquatonomous-sim/sim_ws/install/boat_sim/share/boat_sim/worlds/flat_water.sdf
/home/ethan/aquatonomous-sim/sim_ws/install/boat_sim/share/boat_sim/models
/home/ethan/aquatonomous-sim/sim_ws/install/boat_sim/share/boat_sim/models/nd_boat/model.config
/home/ethan/aquatonomous-sim/sim_ws/install/boat_sim/share/boat_sim/models/nd_boat/model.sdf
/home/ethan/aquatonomous-sim/sim_ws/install/boat_sim/share/boat_sim/config/bridge.yaml
/home/ethan/aquatonomous-sim/sim_ws/install/boat_sim/lib/python3.10/site-packages/boat_sim-0.0.1-py3.10.egg-info/dependency_links.txt
/home/ethan/aquatonomous-sim/sim_ws/install/boat_sim/lib/python3.10/site-packages/boat_sim-0.0.1-py3.10.egg-info/zip-safe
/home/ethan/aquatonomous-sim/sim_ws/install/boat_sim/lib/python3.10/site-packages/boat_sim-0.0.1-py3.10.egg-info/requires.txt
/home/ethan/aquatonomous-sim/sim_ws/install/boat_sim/lib/python3.10/site-packages/boat_sim-0.0.1-py3.10.egg-info/PKG-INFO
/home/ethan/aquatonomous-sim/sim_ws/install/boat_sim/lib/python3.10/site-packages/boat_sim-0.0.1-py3.10.egg-info/entry_points.txt
/home/ethan/aquatonomous-sim/sim_ws/install/boat_sim/lib/python3.10/site-packages/boat_sim-0.0.1-py3.10.egg-info/top_level.txt
/home/ethan/aquatonomous-sim/sim_ws/install/boat_sim/lib/python3.10/site-packages/boat_sim-0.0.1-py3.10.egg-info/SOURCES.txt
/home/ethan/aquatonomous-sim/sim_ws/install/boat_sim/lib/boat_sim/boat_mixer_node
